::1 - - [15/Nov/2025 03:18:58] "HEAD /compra.html HTTP/1.1" 200 -
::1 - - [15/Nov/2025 03:19:01] "GET /compra.html HTTP/1.1" 200 -
::1 - - [15/Nov/2025 03:23:44] "GET /compra.html HTTP/1.1" 200 -
::1 - - [15/Nov/2025 03:23:44] "GET /css/styles.css HTTP/1.1" 200 -
::1 - - [15/Nov/2025 03:23:44] "GET /css/modal-contacto.css HTTP/1.1" 200 -
::1 - - [15/Nov/2025 03:23:44] "GET /js/main.js HTTP/1.1" 200 -
::1 - - [15/Nov/2025 03:23:44] "GET /js/modal-contacto.js HTTP/1.1" 200 -
::1 - - [15/Nov/2025 03:23:44] "GET /js/compra.js?v=20251113 HTTP/1.1" 200 -
::1 - - [15/Nov/2025 03:24:03] "GET /orden.html HTTP/1.1" 200 -
::1 - - [15/Nov/2025 03:24:03] "GET /css/orden.css HTTP/1.1" 200 -
::1 - - [15/Nov/2025 03:24:03] "GET /css/orden-formal.css HTTP/1.1" 200 -
::1 - - [15/Nov/2025 03:24:03] "GET /js/orden.js HTTP/1.1" 200 -
::1 - - [15/Nov/2025 03:24:03] "GET /js/orden-formal.js HTTP/1.1" 200 -
::1 - - [15/Nov/2025 03:24:20] "GET /index.html HTTP/1.1" 200 -
::1 - - [15/Nov/2025 03:24:20] "GET /images/frontal.webp HTTP/1.1" 200 -
::1 - - [15/Nov/2025 03:24:20] "GET /images/trasera.jpeg HTTP/1.1" 200 -
::1 - - [15/Nov/2025 03:24:20] "GET /images/caja.jpg HTTP/1.1" 200 -
::1 - - [15/Nov/2025 03:25:37] "GET /js/orden-formal.js HTTP/1.1" 304 -
::1 - - [15/Nov/2025 03:32:14] "GET /index.html HTTP/1.1" 304 -
::1 - - [15/Nov/2025 03:32:15] "GET /index.html HTTP/1.1" 304 -
::1 - - [15/Nov/2025 03:32:39] "GET /js/orden-formal.js HTTP/1.1" 200 -
::1 - - [15/Nov/2025 03:36:39] "GET /admin.html HTTP/1.1" 200 -
::1 - - [15/Nov/2025 03:40:09] "GET /admin.html HTTP/1.1" 200 -
::1 - - [15/Nov/2025 03:40:35] "GET /js/orden-formal.js HTTP/1.1" 200 -
::1 - - [15/Nov/2025 03:43:28] code 404, message File not found
::1 - - [15/Nov/2025 03:43:28] "GET /favicon.ico HTTP/1.1" 404 -
::1 - - [15/Nov/2025 03:43:32] "GET /compra.html HTTP/1.1" 200 -
::1 - - [15/Nov/2025 03:43:32] "GET /css/styles.css HTTP/1.1" 200 -
::1 - - [15/Nov/2025 03:43:32] "GET /css/modal-contacto.css HTTP/1.1" 200 -
::1 - - [15/Nov/2025 03:43:32] "GET /js/main.js HTTP/1.1" 200 -
::1 - - [15/Nov/2025 03:43:32] "GET /js/modal-contacto.js HTTP/1.1" 200 -
::1 - - [15/Nov/2025 03:43:32] "GET /js/compra.js?v=20251113 HTTP/1.1" 200 -
::1 - - [15/Nov/2025 03:43:33] code 404, message File not found
::1 - - [15/Nov/2025 03:43:33] "GET /favicon.ico HTTP/1.1" 404 -
::1 - - [15/Nov/2025 03:43:38] code 404, message File not found
::1 - - [15/Nov/2025 03:43:38] "GET /.well-known/appspecific/com.chrome.devtools.json HTTP/1.1" 404 -
::1 - - [15/Nov/2025 03:44:00] "GET /js/main.js HTTP/1.1" 304 -
::1 - - [15/Nov/2025 03:44:00] "GET /js/orden-formal.js HTTP/1.1" 304 -
::1 - - [15/Nov/2025 03:44:11] "GET /js/main.js HTTP/1.1" 304 -
::1 - - [15/Nov/2025 03:52:22] "GET /js/main.js HTTP/1.1" 304 -
::1 - - [15/Nov/2025 03:52:45] "GET /js/orden-formal.js HTTP/1.1" 200 -
::1 - - [15/Nov/2025 03:54:47] "GET /admin.html HTTP/1.1" 304 -
::1 - - [15/Nov/2025 04:08:48] "GET /js/main.js HTTP/1.1" 200 -
::1 - - [15/Nov/2025 04:09:13] "GET /orden.html HTTP/1.1" 200 -
::1 - - [15/Nov/2025 04:09:13] "GET /css/orden.css HTTP/1.1" 304 -
::1 - - [15/Nov/2025 04:09:13] "GET /js/main.js HTTP/1.1" 304 -
::1 - - [15/Nov/2025 04:09:13] "GET /js/orden.js HTTP/1.1" 304 -
::1 - - [15/Nov/2025 04:09:13] "GET /css/orden-formal.css HTTP/1.1" 304 -
::1 - - [15/Nov/2025 04:09:13] "GET /js/orden-formal.js HTTP/1.1" 200 -
::1 - - [15/Nov/2025 04:09:41] "GET /js/main.js HTTP/1.1" 304 -
::1 - - [15/Nov/2025 04:10:04] "GET /mis-boletos.html HTTP/1.1" 200 -
::1 - - [15/Nov/2025 15:19:47] "GET /compra.html HTTP/1.1" 304 -
::1 - - [15/Nov/2025 15:19:47] "GET /css/styles.css HTTP/1.1" 200 -
::1 - - [15/Nov/2025 15:19:47] "GET /css/modal-contacto.css HTTP/1.1" 304 -
::1 - - [15/Nov/2025 15:19:47] "GET /js/main.js HTTP/1.1" 304 -
::1 - - [15/Nov/2025 15:19:47] "GET /js/modal-contacto.js HTTP/1.1" 304 -
::1 - - [15/Nov/2025 15:19:47] "GET /js/compra.js?v=20251113 HTTP/1.1" 304 -
::1 - - [15/Nov/2025 15:19:47] code 404, message File not found
::1 - - [15/Nov/2025 15:19:47] "GET /favicon.ico HTTP/1.1" 404 -
::1 - - [15/Nov/2025 15:32:26] "GET /compra.html HTTP/1.1" 304 -
::1 - - [15/Nov/2025 15:38:23] "GET /compra.html HTTP/1.1" 304 -
::1 - - [15/Nov/2025 15:38:44] "GET /compra.html HTTP/1.1" 304 -
::1 - - [15/Nov/2025 15:38:44] "GET /compra.html HTTP/1.1" 304 -
::1 - - [15/Nov/2025 15:38:45] "GET /compra.html HTTP/1.1" 304 -
::1 - - [15/Nov/2025 15:38:45] "GET /compra.html HTTP/1.1" 304 -
::1 - - [15/Nov/2025 15:38:45] "GET /compra.html HTTP/1.1" 304 -
::1 - - [15/Nov/2025 15:38:46] "GET /compra.html HTTP/1.1" 304 -
::1 - - [15/Nov/2025 15:39:21] "GET /compra.html?id=4531f769-a437-4ec0-bb8f-ad135313ca52&vscodeBrowserReqId=1763242761506 HTTP/1.1" 200 -
::1 - - [15/Nov/2025 15:39:21] "GET /css/styles.css HTTP/1.1" 200 -
::1 - - [15/Nov/2025 15:39:21] "GET /js/main.js HTTP/1.1" 200 -
::1 - - [15/Nov/2025 15:39:21] "GET /css/modal-contacto.css HTTP/1.1" 200 -
::1 - - [15/Nov/2025 15:39:21] "GET /js/modal-contacto.js HTTP/1.1" 200 -
::1 - - [15/Nov/2025 15:39:21] "GET /js/compra.js?v=20251113 HTTP/1.1" 200 -
::1 - - [15/Nov/2025 15:40:35] code 404, message File not found
::1 - - [15/Nov/2025 15:40:35] "GET /favicon.ico HTTP/1.1" 404 -
::1 - - [15/Nov/2025 15:40:58] "GET /index.html HTTP/1.1" 304 -
::1 - - [15/Nov/2025 15:40:58] "GET /images/frontal.webp HTTP/1.1" 304 -
::1 - - [15/Nov/2025 15:40:58] "GET /images/caja.jpg HTTP/1.1" 200 -
::1 - - [15/Nov/2025 15:40:58] "GET /images/trasera.jpeg HTTP/1.1" 200 -
::1 - - [15/Nov/2025 15:41:03] code 404, message File not found
::1 - - [15/Nov/2025 15:41:03] "GET /.well-known/appspecific/com.chrome.devtools.json HTTP/1.1" 404 -
::1 - - [15/Nov/2025 15:41:08] "GET /index.html HTTP/1.1" 200 -
::1 - - [15/Nov/2025 15:41:08] code 404, message File not found
::1 - - [15/Nov/2025 15:41:08] "GET /.well-known/appspecific/com.chrome.devtools.json HTTP/1.1" 404 -
::1 - - [15/Nov/2025 15:41:08] "GET /css/styles.css HTTP/1.1" 200 -
::1 - - [15/Nov/2025 15:41:08] "GET /js/main.js HTTP/1.1" 200 -
::1 - - [15/Nov/2025 15:41:08] "GET /images/frontal.webp HTTP/1.1" 200 -
::1 - - [15/Nov/2025 15:41:08] "GET /images/caja.jpg HTTP/1.1" 200 -
::1 - - [15/Nov/2025 15:41:08] "GET /images/trasera.jpeg HTTP/1.1" 200 -
::1 - - [15/Nov/2025 15:41:08] code 404, message File not found
::1 - - [15/Nov/2025 15:41:08] "GET /favicon.ico HTTP/1.1" 404 -
::1 - - [15/Nov/2025 15:41:10] "GET /index.html HTTP/1.1" 200 -
::1 - - [15/Nov/2025 15:41:10] code 404, message File not found
::1 - - [15/Nov/2025 15:41:10] "GET /.well-known/appspecific/com.chrome.devtools.json HTTP/1.1" 404 -
::1 - - [15/Nov/2025 15:41:10] "GET /css/styles.css HTTP/1.1" 200 -
::1 - - [15/Nov/2025 15:41:10] "GET /js/main.js HTTP/1.1" 200 -
::1 - - [15/Nov/2025 15:41:10] "GET /images/frontal.webp HTTP/1.1" 200 -
::1 - - [15/Nov/2025 15:41:10] "GET /images/trasera.jpeg HTTP/1.1" 200 -
::1 - - [15/Nov/2025 15:41:10] "GET /images/caja.jpg HTTP/1.1" 200 -
::1 - - [15/Nov/2025 15:41:10] code 404, message File not found
::1 - - [15/Nov/2025 15:41:10] "GET /favicon.ico HTTP/1.1" 404 -
::1 - - [15/Nov/2025 15:41:20] "GET /index.html HTTP/1.1" 304 -
::1 - - [15/Nov/2025 15:41:21] "GET /index.html HTTP/1.1" 304 -
::1 - - [15/Nov/2025 15:41:21] "GET /index.html HTTP/1.1" 304 -
::1 - - [15/Nov/2025 15:41:21] "GET /index.html HTTP/1.1" 304 -
::1 - - [15/Nov/2025 15:41:21] "GET /index.html HTTP/1.1" 304 -
::1 - - [15/Nov/2025 15:41:28] code 404, message File not found
::1 - - [15/Nov/2025 15:41:28] "GET /favicon.ico HTTP/1.1" 404 -
::1 - - [15/Nov/2025 15:42:10] "GET /js/main.js HTTP/1.1" 200 -
::1 - - [15/Nov/2025 15:42:11] code 404, message File not found
::1 - - [15/Nov/2025 15:42:11] "GET /favicon.ico HTTP/1.1" 404 -
::1 - - [15/Nov/2025 15:43:40] "GET /compra.html HTTP/1.1" 200 -
::1 - - [15/Nov/2025 15:44:07] "GET /test-descuentos.html?id=a791fc7f-8fb7-4c3f-8634-62800e454a3b&vscodeBrowserReqId=1763243047750 HTTP/1.1" 200 -
::1 - - [15/Nov/2025 15:46:15] "GET /js/main.js HTTP/1.1" 304 -
::1 - - [15/Nov/2025 15:46:15] code 404, message File not found
::1 - - [15/Nov/2025 15:46:15] "GET /favicon.ico HTTP/1.1" 404 -
::1 - - [15/Nov/2025 15:48:52] code 404, message File not found
::1 - - [15/Nov/2025 15:48:52] "GET /.well-known/appspecific/com.chrome.devtools.json HTTP/1.1" 404 -
::1 - - [15/Nov/2025 15:49:15] "GET /compra.html HTTP/1.1" 200 -
::1 - - [15/Nov/2025 15:49:15] code 404, message File not found
::1 - - [15/Nov/2025 15:49:15] "GET /.well-known/appspecific/com.chrome.devtools.json HTTP/1.1" 404 -
::1 - - [15/Nov/2025 15:49:15] "GET /css/styles.css HTTP/1.1" 200 -
::1 - - [15/Nov/2025 15:49:15] "GET /js/main.js?v=20251115 HTTP/1.1" 200 -
::1 - - [15/Nov/2025 15:49:15] "GET /css/modal-contacto.css HTTP/1.1" 200 -
::1 - - [15/Nov/2025 15:49:15] "GET /js/modal-contacto.js?v=20251115 HTTP/1.1" 200 -
::1 - - [15/Nov/2025 15:49:15] "GET /js/compra.js?v=20251115 HTTP/1.1" 200 -
::1 - - [15/Nov/2025 15:49:15] code 404, message File not found
::1 - - [15/Nov/2025 15:49:15] "GET /favicon.ico HTTP/1.1" 404 -
::1 - - [15/Nov/2025 15:50:47] "GET /js/main.js HTTP/1.1" 304 -
::1 - - [15/Nov/2025 15:50:47] code 404, message File not found
::1 - - [15/Nov/2025 15:50:47] "GET /favicon.ico HTTP/1.1" 404 -
::1 - - [15/Nov/2025 15:50:56] "GET /compra.html HTTP/1.1" 304 -
::1 - - [15/Nov/2025 15:50:56] "GET /js/main.js?v=20251115 HTTP/1.1" 304 -
::1 - - [15/Nov/2025 15:50:56] "GET /js/compra.js?v=20251115 HTTP/1.1" 304 -
::1 - - [15/Nov/2025 15:51:15] code 404, message File not found
::1 - - [15/Nov/2025 15:51:15] "GET /.well-known/appspecific/com.chrome.devtools.json HTTP/1.1" 404 -
::1 - - [15/Nov/2025 15:52:18] "GET /orden.html HTTP/1.1" 200 -
::1 - - [15/Nov/2025 15:52:19] "GET /css/orden.css HTTP/1.1" 304 -
::1 - - [15/Nov/2025 15:52:19] "GET /css/orden-formal.css HTTP/1.1" 304 -
::1 - - [15/Nov/2025 15:52:19] code 404, message File not found
::1 - - [15/Nov/2025 15:52:19] "GET /.well-known/appspecific/com.chrome.devtools.json HTTP/1.1" 404 -
::1 - - [15/Nov/2025 15:52:19] "GET /js/orden.js?v=20251115 HTTP/1.1" 200 -
::1 - - [15/Nov/2025 15:52:19] "GET /js/main.js?v=20251115 HTTP/1.1" 304 -
::1 - - [15/Nov/2025 15:52:19] "GET /js/orden-formal.js?v=20251115 HTTP/1.1" 200 -
::1 - - [15/Nov/2025 16:44:33] "GET /admin-v2.html?id=92470449-b947-495b-8516-bc96700905ee&vscodeBrowserReqId=1763246673095 HTTP/1.1" 200 -
::1 - - [15/Nov/2025 16:57:14] "GET /compra.html HTTP/1.1" 200 -
::1 - - [15/Nov/2025 16:57:14] "GET /js/main.js?v=20251115 HTTP/1.1" 200 -
::1 - - [15/Nov/2025 16:57:14] "GET /js/modal-contacto.js?v=20251115 HTTP/1.1" 200 -
::1 - - [15/Nov/2025 16:57:14] "GET /css/styles.css HTTP/1.1" 200 -
::1 - - [15/Nov/2025 16:57:14] "GET /css/modal-contacto.css HTTP/1.1" 200 -
::1 - - [15/Nov/2025 16:57:14] "GET /js/compra.js?v=20251115 HTTP/1.1" 200 -
::1 - - [15/Nov/2025 16:57:18] "GET /orden.html HTTP/1.1" 200 -
::1 - - [15/Nov/2025 16:57:18] "GET /js/orden-formal.js?v=20251115 HTTP/1.1" 200 -
::1 - - [15/Nov/2025 16:57:18] "GET /css/orden.css HTTP/1.1" 200 -
::1 - - [15/Nov/2025 16:57:18] "GET /js/orden.js?v=20251115 HTTP/1.1" 200 -
::1 - - [15/Nov/2025 16:57:18] "GET /css/orden-formal.css HTTP/1.1" 200 -
::1 - - [15/Nov/2025 16:58:02] "GET /compra.html HTTP/1.1" 200 -
::1 - - [15/Nov/2025 16:58:02] "GET /css/modal-contacto.css HTTP/1.1" 200 -
::1 - - [15/Nov/2025 16:58:02] "GET /js/main.js?v=20251115 HTTP/1.1" 200 -
::1 - - [15/Nov/2025 16:58:02] "GET /css/styles.css HTTP/1.1" 200 -
::1 - - [15/Nov/2025 16:58:02] "GET /js/modal-contacto.js?v=20251115 HTTP/1.1" 200 -
::1 - - [15/Nov/2025 16:58:02] "GET /js/compra.js?v=20251115 HTTP/1.1" 200 -
::1 - - [15/Nov/2025 16:58:05] "GET /orden.html HTTP/1.1" 200 -
::1 - - [15/Nov/2025 16:58:05] "GET /css/orden.css HTTP/1.1" 200 -
::1 - - [15/Nov/2025 16:58:05] "GET /js/orden-formal.js?v=20251115 HTTP/1.1" 200 -
::1 - - [15/Nov/2025 16:58:05] "GET /js/orden.js?v=20251115 HTTP/1.1" 200 -
::1 - - [15/Nov/2025 16:58:05] "GET /css/orden-formal.css HTTP/1.1" 200 -
::1 - - [15/Nov/2025 17:02:48] "GET /compra.html HTTP/1.1" 200 -
::1 - - [15/Nov/2025 17:02:48] "GET /js/main.js?v=20251115 HTTP/1.1" 200 -
::1 - - [15/Nov/2025 17:02:48] "GET /js/modal-contacto.js?v=20251115 HTTP/1.1" 200 -
::1 - - [15/Nov/2025 17:02:48] "GET /css/styles.css HTTP/1.1" 200 -
::1 - - [15/Nov/2025 17:02:48] "GET /css/modal-contacto.css HTTP/1.1" 200 -
::1 - - [15/Nov/2025 17:02:48] "GET /js/compra.js?v=20251115 HTTP/1.1" 200 -
::1 - - [15/Nov/2025 17:02:53] "GET /orden.html HTTP/1.1" 200 -
::1 - - [15/Nov/2025 17:02:53] "GET /css/orden.css HTTP/1.1" 200 -
::1 - - [15/Nov/2025 17:02:53] "GET /js/orden.js?v=20251115 HTTP/1.1" 200 -
::1 - - [15/Nov/2025 17:02:53] "GET /css/orden-formal.css HTTP/1.1" 200 -
::1 - - [15/Nov/2025 17:02:53] "GET /js/orden-formal.js?v=20251115 HTTP/1.1" 200 -
::1 - - [15/Nov/2025 17:08:12] "GET /compra.html HTTP/1.1" 200 -
::1 - - [15/Nov/2025 17:08:12] "GET /css/styles.css HTTP/1.1" 200 -
::1 - - [15/Nov/2025 17:08:12] "GET /css/modal-contacto.css HTTP/1.1" 200 -
::1 - - [15/Nov/2025 17:08:12] "GET /js/modal-contacto.js?v=20251115 HTTP/1.1" 200 -
::1 - - [15/Nov/2025 17:08:12] "GET /js/main.js?v=20251115 HTTP/1.1" 200 -
::1 - - [15/Nov/2025 17:08:12] "GET /js/compra.js?v=20251115 HTTP/1.1" 200 -
::1 - - [15/Nov/2025 17:08:16] "GET /orden.html HTTP/1.1" 200 -
::1 - - [15/Nov/2025 17:08:16] "GET /js/orden.js?v=20251115 HTTP/1.1" 200 -
::1 - - [15/Nov/2025 17:08:16] "GET /css/orden-formal.css HTTP/1.1" 200 -
::1 - - [15/Nov/2025 17:08:16] "GET /js/orden-formal.js?v=20251115 HTTP/1.1" 200 -
::1 - - [15/Nov/2025 17:08:16] "GET /css/orden.css HTTP/1.1" 200 -
::1 - - [15/Nov/2025 17:08:50] "GET /compra.html HTTP/1.1" 200 -
::1 - - [15/Nov/2025 17:08:50] "GET /css/styles.css HTTP/1.1" 200 -
::1 - - [15/Nov/2025 17:08:50] "GET /js/main.js?v=20251115 HTTP/1.1" 200 -
::1 - - [15/Nov/2025 17:08:50] "GET /js/compra.js?v=20251115 HTTP/1.1" 200 -
::1 - - [15/Nov/2025 17:08:50] "GET /js/modal-contacto.js?v=20251115 HTTP/1.1" 200 -
::1 - - [15/Nov/2025 17:08:50] "GET /css/modal-contacto.css HTTP/1.1" 200 -
::1 - - [15/Nov/2025 17:08:54] "GET /orden.html HTTP/1.1" 200 -
::1 - - [15/Nov/2025 17:08:54] "GET /css/orden.css HTTP/1.1" 200 -
::1 - - [15/Nov/2025 17:08:54] "GET /css/orden-formal.css HTTP/1.1" 200 -
::1 - - [15/Nov/2025 17:08:54] "GET /js/orden.js?v=20251115 HTTP/1.1" 200 -
::1 - - [15/Nov/2025 17:08:54] "GET /js/orden-formal.js?v=20251115 HTTP/1.1" 200 -
::1 - - [15/Nov/2025 17:09:46] "GET /compra.html HTTP/1.1" 200 -
::1 - - [15/Nov/2025 17:09:46] "GET /css/modal-contacto.css HTTP/1.1" 200 -
::1 - - [15/Nov/2025 17:09:46] "GET /js/main.js?v=20251115 HTTP/1.1" 200 -
::1 - - [15/Nov/2025 17:09:46] "GET /js/modal-contacto.js?v=20251115 HTTP/1.1" 200 -
::1 - - [15/Nov/2025 17:09:46] "GET /css/styles.css HTTP/1.1" 200 -
::1 - - [15/Nov/2025 17:09:46] "GET /js/compra.js?v=20251115 HTTP/1.1" 200 -
::1 - - [15/Nov/2025 17:09:49] "GET /orden.html HTTP/1.1" 200 -
::1 - - [15/Nov/2025 17:09:49] "GET /css/orden.css HTTP/1.1" 200 -
::1 - - [15/Nov/2025 17:09:49] "GET /js/orden-formal.js?v=20251115 HTTP/1.1" 200 -
::1 - - [15/Nov/2025 17:09:49] "GET /css/orden-formal.css HTTP/1.1" 200 -
::1 - - [15/Nov/2025 17:09:49] "GET /js/orden.js?v=20251115 HTTP/1.1" 200 -
::1 - - [15/Nov/2025 17:11:33] "GET /compra.html HTTP/1.1" 200 -
::1 - - [15/Nov/2025 17:11:33] "GET /js/main.js?v=20251115 HTTP/1.1" 200 -
::1 - - [15/Nov/2025 17:11:33] "GET /css/styles.css HTTP/1.1" 200 -
::1 - - [15/Nov/2025 17:11:33] "GET /css/modal-contacto.css HTTP/1.1" 200 -
::1 - - [15/Nov/2025 17:11:33] "GET /js/compra.js?v=20251115 HTTP/1.1" 200 -
::1 - - [15/Nov/2025 17:11:33] "GET /js/modal-contacto.js?v=20251115 HTTP/1.1" 200 -
::1 - - [15/Nov/2025 17:11:36] "GET /orden.html HTTP/1.1" 200 -
::1 - - [15/Nov/2025 17:11:36] "GET /css/orden-formal.css HTTP/1.1" 200 -
::1 - - [15/Nov/2025 17:11:36] "GET /js/orden.js?v=20251115 HTTP/1.1" 200 -
::1 - - [15/Nov/2025 17:11:36] "GET /css/orden.css HTTP/1.1" 200 -
::1 - - [15/Nov/2025 17:11:36] "GET /js/orden-formal.js?v=20251115 HTTP/1.1" 200 -
::1 - - [15/Nov/2025 17:15:50] "GET /compra.html HTTP/1.1" 200 -
::1 - - [15/Nov/2025 17:15:50] "GET /css/styles.css HTTP/1.1" 200 -
::1 - - [15/Nov/2025 17:15:50] "GET /css/modal-contacto.css HTTP/1.1" 200 -
::1 - - [15/Nov/2025 17:15:50] "GET /js/main.js?v=20251115 HTTP/1.1" 200 -
::1 - - [15/Nov/2025 17:15:50] "GET /js/compra.js?v=20251115 HTTP/1.1" 200 -
::1 - - [15/Nov/2025 17:15:50] "GET /js/modal-contacto.js?v=20251115 HTTP/1.1" 200 -
::1 - - [15/Nov/2025 17:15:54] "GET /orden.html HTTP/1.1" 200 -
::1 - - [15/Nov/2025 17:15:54] "GET /css/orden.css HTTP/1.1" 200 -
::1 - - [15/Nov/2025 17:15:54] "GET /css/orden-formal.css HTTP/1.1" 200 -
::1 - - [15/Nov/2025 17:15:54] "GET /js/orden.js?v=20251115 HTTP/1.1" 200 -
::1 - - [15/Nov/2025 17:15:54] "GET /js/orden-formal.js?v=20251115 HTTP/1.1" 200 -
